// Jest Snapshot v1, https://goo.gl/fbAQLP

exports[`render unchanged 1`] = `
<DocumentFragment>
  <nav
    class="bg-gray-900 py-4"
  >
    <div
      class="max-w-7xl mx-auto px-4 sm:px-6 lg:px-8"
    >
      <div
        class="flex justify-between"
      >
        <div
          class="flex-shrink-0 flex items-center"
        >
          <a
            class="text-white font-bold text-xl"
            href="/"
          >
            My Blog
          </a>
        </div>
        <div
          class="hidden sm:flex items-baseline"
        >
          <ul
            class="ml-10 flex items-baseline space-x-4"
          >
            <li
              class="mr-4 font-sfPro"
            >
              <a
                class="text-gray-300 hover:text-white px-3 py-2 rounded-md text-sm font-medium"
                href="/item1"
              >
                Item 1
              </a>
            </li>
            <li
              class="mr-4 font-sfPro"
            >
              <a
                class="text-gray-300 hover:text-white px-3 py-2 rounded-md text-sm font-medium"
                href="/item2"
              >
                Item 2
              </a>
            </li>
          </ul>
        </div>
      </div>
    </div>
  </nav>
</DocumentFragment>
`;
